<area shape="rect" id="node3" href="$classc_g_l_widget.html#f5d1067521e1c92ea0ceafbf2f648c4e" title="Calculates distance between line and point." alt="" coords="241,30,452,58">
<area shape="rect" id="node5" href="$classc_g_l_widget.html#d9c17d70d9acf24ae068afbaf9ce74b4" title="Resets the game." alt="" coords="285,81,408,109">
<area shape="rect" id="node7" href="$classc_wormhole.html#0c1d5b945b1977d5c21b6c5513dcb058" title="Generate wormhole coordinates from (0,0,0)." alt="" coords="503,5,772,33">
<area shape="rect" id="node9" href="$classc_g_l_widget.html#6b370923d2d00eb9a8d891a50045995a" title="Method ensures proper recreation of a wormhole." alt="" coords="537,55,737,83">
<area shape="rect" id="node19" href="$classc_g_l_widget.html#df67ae46772eb56bd36c7559cc806462" title="Reset camera." alt="" coords="553,106,721,134">
<area shape="rect" id="node21" href="$classc_g_l_widget.html#7c73cb57671513acb256b3b7906a54f6" title="Reset ufo." alt="" coords="567,157,708,185">
<area shape="rect" id="node11" href="$classc_wormhole.html#71c1e9f5fd2c4fccdf3033579d1f4def" title="Creates openGL display list for wormhole." alt="" coords="821,30,1013,58">
<area shape="rect" id="node17" href="$classc_wormhole.html#10ac4bd1e40b2f1a75eecd242c1e1ef4" title="Updates cWormhole object." alt="" coords="832,81,1003,109">
<area shape="rect" id="node13" href="$classc_g_l_object.html#48ced3d45d4eb7765c287e7259b9ec85" title="Auxiliary method." alt="" coords="1068,5,1188,33">
<area shape="rect" id="node15" href="$classc_g_l_object.html#19b2fe720f161cfbe7b0968bb1c215dd" title="Auxiliary method." alt="" coords="1061,55,1195,83">
