<area shape="rect" id="node3" href="$classc_g_l_widget.html#6b370923d2d00eb9a8d891a50045995a" title="Method ensures proper recreation of a wormhole." alt="" coords="227,30,427,58">
<area shape="rect" id="node11" href="$classc_g_l_widget.html#33018ec9ea4eceed83a15bddadde9926" title="Recreation of a wormhole with new sectors specified." alt="" coords="232,81,421,109">
<area shape="rect" id="node13" href="$classc_g_l_widget.html#f390af45366f8f3b4b537e71fa2a87c5" title="Recreation of a wormhole with new circle sectors specified." alt="" coords="239,131,415,159">
<area shape="rect" id="node5" href="$classc_g_l_widget.html#d9c17d70d9acf24ae068afbaf9ce74b4" title="Resets the game." alt="" coords="476,30,599,58">
<area shape="rect" id="node7" href="$classc_g_l_widget.html#42a300fd19ad1ad0304df194870ddd23" title="Check for collisions." alt="" coords="649,5,833,33">
<area shape="rect" id="node9" href="$classc_g_l_widget.html#23f8e50cf1c6ff4a118ff7f759d693ec" title="Handles key pressing." alt="" coords="651,55,832,83">
