<area shape="rect" id="node3" href="$classc_g_l_widget.html#b19f306284ca9e88c2fdecce9a897109" title="Toggle Pause/Play." alt="" coords="533,26,688,54">
<area shape="rect" id="node5" href="$classc_g_l_widget.html#df67ae46772eb56bd36c7559cc806462" title="Reset camera." alt="" coords="807,76,975,104">
<area shape="rect" id="node7" href="$classc_g_l_widget.html#d9c17d70d9acf24ae068afbaf9ce74b4" title="Resets the game." alt="" coords="269,178,392,206">
<area shape="rect" id="node25" href="$classc_g_l_widget.html#35e603c014cd3bccb049f50f73b161d0" title="Inteligent method for toggling fullscreen." alt="" coords="235,26,427,54">
<area shape="rect" id="node9" href="$classc_wormhole.html#0c1d5b945b1977d5c21b6c5513dcb058" title="Generate wormhole coordinates from (0,0,0)." alt="" coords="476,178,745,206">
<area shape="rect" id="node11" href="$classc_g_l_widget.html#6b370923d2d00eb9a8d891a50045995a" title="Method ensures proper recreation of a wormhole." alt="" coords="511,228,711,256">
<area shape="rect" id="node22" href="$classc_g_l_widget.html#7c73cb57671513acb256b3b7906a54f6" title="Reset ufo." alt="" coords="540,279,681,307">
<area shape="rect" id="node13" href="$classc_wormhole.html#71c1e9f5fd2c4fccdf3033579d1f4def" title="Creates openGL display list for wormhole." alt="" coords="795,203,987,231">
<area shape="rect" id="node19" href="$classc_wormhole.html#10ac4bd1e40b2f1a75eecd242c1e1ef4" title="Updates cWormhole object." alt="" coords="805,254,976,282">
<area shape="rect" id="node15" href="$classc_g_l_object.html#48ced3d45d4eb7765c287e7259b9ec85" title="Auxiliary method." alt="" coords="1041,178,1161,206">
<area shape="rect" id="node17" href="$classc_g_l_object.html#19b2fe720f161cfbe7b0968bb1c215dd" title="Auxiliary method." alt="" coords="1035,228,1168,256">
