<area shape="rect" id="node3" href="$classc_g_l_widget.html#d9df464c7ffcc23aa64bf4266ee0a6ad" title="Initializes GL." alt="" coords="243,5,400,33">
<area shape="rect" id="node5" href="$classc_g_l_widget.html#23f8e50cf1c6ff4a118ff7f759d693ec" title="Handles key pressing." alt="" coords="736,157,917,185">
<area shape="rect" id="node7" href="$classc_g_l_widget.html#690ee4071c967f9241b27ecd2509e67f" title="Handles mouse pressing." alt="" coords="221,106,421,134">
<area shape="rect" id="node9" href="$classc_g_l_widget.html#b19f306284ca9e88c2fdecce9a897109" title="Toggle Pause/Play." alt="" coords="244,233,399,261">
<area shape="rect" id="node20" href="$classc_g_l_widget.html#d9c17d70d9acf24ae068afbaf9ce74b4" title="Resets the game." alt="" coords="260,157,383,185">
<area shape="rect" id="node11" href="$classc_main_window.html#ea6d8b5551cbcb876d1be95a00f54741" title="Shows settings dialog." alt="" coords="716,309,937,337">
<area shape="rect" id="node14" href="$classc_g_l_widget.html#35e603c014cd3bccb049f50f73b161d0" title="Inteligent method for toggling fullscreen." alt="" coords="469,258,661,286">
<area shape="rect" id="node18" href="$classc_g_l_widget.html#d61062bffa639dc9a9b2257788e5a2fb" title="Handles mouse doubleclick event." alt="" coords="709,258,944,286">
<area shape="rect" id="node22" href="$classc_g_l_widget.html#42a300fd19ad1ad0304df194870ddd23" title="Check for collisions." alt="" coords="473,157,657,185">
